// Jest Snapshot v1, https://goo.gl/fbAQLP

exports[`Navigation renders 1`] = `
<CenterPanel>
  <div
    className="navigation"
  >
    <div
      className="current"
    >
      <a
        onClick={[Function]}
      >
        History
      </a>
    </div>
    <div
      className=""
    >
      <a
        onClick={[Function]}
      >
        Preferences
      </a>
    </div>
  </div>
</CenterPanel>
`;
