// Jest Snapshot v1, https://goo.gl/fbAQLP

exports[`HistoryView renders when there is no history 1`] = `
<Provider
  store={
    Object {
      "dispatch": [Function],
      "getState": [Function],
      "replaceReducer": [Function],
      "subscribe": [Function],
      Symbol(observable): [Function],
    }
  }
>
  <Connect(History)
    controller={
      Controller {
        "authenticate": [Function],
        "client": Client {
          "appUrl": "http://nowhere/",
          "authenticate": [Function],
          "fetchHistory": [Function],
          "rfc3339Format": "YYYY-MM-DDTHH:mm:ssZ",
          "saveRecord": [Function],
        },
        "fetchRecords": [MockFunction] {
          "calls": Array [
            Array [
              Range {
                "end": DateTimeTz {
                  "timestamp": "2017-10-29T00:00:00.000+00:00",
                },
                "start": DateTimeTz {
                  "timestamp": "2017-10-23T00:00:00.000+00:00",
                },
              },
            ],
          ],
          "results": Array [
            Object {
              "type": "return",
              "value": undefined,
            },
          ],
        },
        "logout": [Function],
        "saveRecord": [Function],
        "saveRecords": [Function],
        "setError": [Function],
        "setPreferences": [Function],
        "store": Object {
          "dispatch": [Function],
          "getState": [Function],
          "replaceReducer": [Function],
          "subscribe": [Function],
          Symbol(observable): [Function],
        },
      }
    }
  >
    <History
      controller={
        Controller {
          "authenticate": [Function],
          "client": Client {
            "appUrl": "http://nowhere/",
            "authenticate": [Function],
            "fetchHistory": [Function],
            "rfc3339Format": "YYYY-MM-DDTHH:mm:ssZ",
            "saveRecord": [Function],
          },
          "fetchRecords": [MockFunction] {
            "calls": Array [
              Array [
                Range {
                  "end": DateTimeTz {
                    "timestamp": "2017-10-29T00:00:00.000+00:00",
                  },
                  "start": DateTimeTz {
                    "timestamp": "2017-10-23T00:00:00.000+00:00",
                  },
                },
              ],
            ],
            "results": Array [
              Object {
                "type": "return",
                "value": undefined,
              },
            ],
          },
          "logout": [Function],
          "saveRecord": [Function],
          "saveRecords": [Function],
          "setError": [Function],
          "setPreferences": [Function],
          "store": Object {
            "dispatch": [Function],
            "getState": [Function],
            "replaceReducer": [Function],
            "subscribe": [Function],
            Symbol(observable): [Function],
          },
        }
      }
      dispatch={[Function]}
      history={Array []}
      prefs={
        UserPreferences {
          "language": Language {
            "name": "English",
            "sym": "en",
          },
          "timezone": IANAZone {
            "valid": true,
            "zoneName": "UTC",
          },
          "units": UnitSystem {
            "length": "km",
            "lengthRepr": Message {
              "en": "kilometers",
              "translations": Object {
                "eo": "kilometroj",
              },
            },
            "mass": "kg",
            "massRepr": Message {
              "en": "kilograms",
              "translations": Object {
                "eo": "kilogramoj",
              },
            },
            "sym": "SI",
          },
          "withLanguage": [Function],
          "withTimezone": [Function],
          "withUnits": [Function],
        }
      }
      range={
        Range {
          "end": Date {
            "day": 29,
            "month": 10,
            "year": 2017,
          },
          "start": Date {
            "day": 23,
            "month": 10,
            "year": 2017,
          },
        }
      }
    >
      <div
        id="History"
      >
        <DailyEntry
          date={
            Date {
              "day": 29,
              "month": 10,
              "year": 2017,
            }
          }
          key="2017-10-29"
          prefs={
            UserPreferences {
              "language": Language {
                "name": "English",
                "sym": "en",
              },
              "timezone": IANAZone {
                "valid": true,
                "zoneName": "UTC",
              },
              "units": UnitSystem {
                "length": "km",
                "lengthRepr": Message {
                  "en": "kilometers",
                  "translations": Object {
                    "eo": "kilometroj",
                  },
                },
                "mass": "kg",
                "massRepr": Message {
                  "en": "kilograms",
                  "translations": Object {
                    "eo": "kilogramoj",
                  },
                },
                "sym": "SI",
              },
              "withLanguage": [Function],
              "withTimezone": [Function],
              "withUnits": [Function],
            }
          }
          records={Array []}
          saveRecords={[Function]}
        >
          <Card
            title="2017-10-29"
          >
            <div
              className="card"
            >
              <div
                className="title"
              >
                2017-10-29
              </div>
              <View
                date={
                  Date {
                    "day": 29,
                    "month": 10,
                    "year": 2017,
                  }
                }
                prefs={
                  UserPreferences {
                    "language": Language {
                      "name": "English",
                      "sym": "en",
                    },
                    "timezone": IANAZone {
                      "valid": true,
                      "zoneName": "UTC",
                    },
                    "units": UnitSystem {
                      "length": "km",
                      "lengthRepr": Message {
                        "en": "kilometers",
                        "translations": Object {
                          "eo": "kilometroj",
                        },
                      },
                      "mass": "kg",
                      "massRepr": Message {
                        "en": "kilograms",
                        "translations": Object {
                          "eo": "kilogramoj",
                        },
                      },
                      "sym": "SI",
                    },
                    "withLanguage": [Function],
                    "withTimezone": [Function],
                    "withUnits": [Function],
                  }
                }
                records={Array []}
                saveRecords={[Function]}
                startEdit={[Function]}
              >
                <div
                  onClick={[Function]}
                />
              </View>
            </div>
          </Card>
        </DailyEntry>
        <DailyEntry
          date={
            Date {
              "day": 28,
              "month": 10,
              "year": 2017,
            }
          }
          key="2017-10-28"
          prefs={
            UserPreferences {
              "language": Language {
                "name": "English",
                "sym": "en",
              },
              "timezone": IANAZone {
                "valid": true,
                "zoneName": "UTC",
              },
              "units": UnitSystem {
                "length": "km",
                "lengthRepr": Message {
                  "en": "kilometers",
                  "translations": Object {
                    "eo": "kilometroj",
                  },
                },
                "mass": "kg",
                "massRepr": Message {
                  "en": "kilograms",
                  "translations": Object {
                    "eo": "kilogramoj",
                  },
                },
                "sym": "SI",
              },
              "withLanguage": [Function],
              "withTimezone": [Function],
              "withUnits": [Function],
            }
          }
          records={Array []}
          saveRecords={[Function]}
        >
          <Card
            title="2017-10-28"
          >
            <div
              className="card"
            >
              <div
                className="title"
              >
                2017-10-28
              </div>
              <View
                date={
                  Date {
                    "day": 28,
                    "month": 10,
                    "year": 2017,
                  }
                }
                prefs={
                  UserPreferences {
                    "language": Language {
                      "name": "English",
                      "sym": "en",
                    },
                    "timezone": IANAZone {
                      "valid": true,
                      "zoneName": "UTC",
                    },
                    "units": UnitSystem {
                      "length": "km",
                      "lengthRepr": Message {
                        "en": "kilometers",
                        "translations": Object {
                          "eo": "kilometroj",
                        },
                      },
                      "mass": "kg",
                      "massRepr": Message {
                        "en": "kilograms",
                        "translations": Object {
                          "eo": "kilogramoj",
                        },
                      },
                      "sym": "SI",
                    },
                    "withLanguage": [Function],
                    "withTimezone": [Function],
                    "withUnits": [Function],
                  }
                }
                records={Array []}
                saveRecords={[Function]}
                startEdit={[Function]}
              >
                <div
                  onClick={[Function]}
                />
              </View>
            </div>
          </Card>
        </DailyEntry>
        <DailyEntry
          date={
            Date {
              "day": 27,
              "month": 10,
              "year": 2017,
            }
          }
          key="2017-10-27"
          prefs={
            UserPreferences {
              "language": Language {
                "name": "English",
                "sym": "en",
              },
              "timezone": IANAZone {
                "valid": true,
                "zoneName": "UTC",
              },
              "units": UnitSystem {
                "length": "km",
                "lengthRepr": Message {
                  "en": "kilometers",
                  "translations": Object {
                    "eo": "kilometroj",
                  },
                },
                "mass": "kg",
                "massRepr": Message {
                  "en": "kilograms",
                  "translations": Object {
                    "eo": "kilogramoj",
                  },
                },
                "sym": "SI",
              },
              "withLanguage": [Function],
              "withTimezone": [Function],
              "withUnits": [Function],
            }
          }
          records={Array []}
          saveRecords={[Function]}
        >
          <Card
            title="2017-10-27"
          >
            <div
              className="card"
            >
              <div
                className="title"
              >
                2017-10-27
              </div>
              <View
                date={
                  Date {
                    "day": 27,
                    "month": 10,
                    "year": 2017,
                  }
                }
                prefs={
                  UserPreferences {
                    "language": Language {
                      "name": "English",
                      "sym": "en",
                    },
                    "timezone": IANAZone {
                      "valid": true,
                      "zoneName": "UTC",
                    },
                    "units": UnitSystem {
                      "length": "km",
                      "lengthRepr": Message {
                        "en": "kilometers",
                        "translations": Object {
                          "eo": "kilometroj",
                        },
                      },
                      "mass": "kg",
                      "massRepr": Message {
                        "en": "kilograms",
                        "translations": Object {
                          "eo": "kilogramoj",
                        },
                      },
                      "sym": "SI",
                    },
                    "withLanguage": [Function],
                    "withTimezone": [Function],
                    "withUnits": [Function],
                  }
                }
                records={Array []}
                saveRecords={[Function]}
                startEdit={[Function]}
              >
                <div
                  onClick={[Function]}
                />
              </View>
            </div>
          </Card>
        </DailyEntry>
        <DailyEntry
          date={
            Date {
              "day": 26,
              "month": 10,
              "year": 2017,
            }
          }
          key="2017-10-26"
          prefs={
            UserPreferences {
              "language": Language {
                "name": "English",
                "sym": "en",
              },
              "timezone": IANAZone {
                "valid": true,
                "zoneName": "UTC",
              },
              "units": UnitSystem {
                "length": "km",
                "lengthRepr": Message {
                  "en": "kilometers",
                  "translations": Object {
                    "eo": "kilometroj",
                  },
                },
                "mass": "kg",
                "massRepr": Message {
                  "en": "kilograms",
                  "translations": Object {
                    "eo": "kilogramoj",
                  },
                },
                "sym": "SI",
              },
              "withLanguage": [Function],
              "withTimezone": [Function],
              "withUnits": [Function],
            }
          }
          records={Array []}
          saveRecords={[Function]}
        >
          <Card
            title="2017-10-26"
          >
            <div
              className="card"
            >
              <div
                className="title"
              >
                2017-10-26
              </div>
              <View
                date={
                  Date {
                    "day": 26,
                    "month": 10,
                    "year": 2017,
                  }
                }
                prefs={
                  UserPreferences {
                    "language": Language {
                      "name": "English",
                      "sym": "en",
                    },
                    "timezone": IANAZone {
                      "valid": true,
                      "zoneName": "UTC",
                    },
                    "units": UnitSystem {
                      "length": "km",
                      "lengthRepr": Message {
                        "en": "kilometers",
                        "translations": Object {
                          "eo": "kilometroj",
                        },
                      },
                      "mass": "kg",
                      "massRepr": Message {
                        "en": "kilograms",
                        "translations": Object {
                          "eo": "kilogramoj",
                        },
                      },
                      "sym": "SI",
                    },
                    "withLanguage": [Function],
                    "withTimezone": [Function],
                    "withUnits": [Function],
                  }
                }
                records={Array []}
                saveRecords={[Function]}
                startEdit={[Function]}
              >
                <div
                  onClick={[Function]}
                />
              </View>
            </div>
          </Card>
        </DailyEntry>
        <DailyEntry
          date={
            Date {
              "day": 25,
              "month": 10,
              "year": 2017,
            }
          }
          key="2017-10-25"
          prefs={
            UserPreferences {
              "language": Language {
                "name": "English",
                "sym": "en",
              },
              "timezone": IANAZone {
                "valid": true,
                "zoneName": "UTC",
              },
              "units": UnitSystem {
                "length": "km",
                "lengthRepr": Message {
                  "en": "kilometers",
                  "translations": Object {
                    "eo": "kilometroj",
                  },
                },
                "mass": "kg",
                "massRepr": Message {
                  "en": "kilograms",
                  "translations": Object {
                    "eo": "kilogramoj",
                  },
                },
                "sym": "SI",
              },
              "withLanguage": [Function],
              "withTimezone": [Function],
              "withUnits": [Function],
            }
          }
          records={Array []}
          saveRecords={[Function]}
        >
          <Card
            title="2017-10-25"
          >
            <div
              className="card"
            >
              <div
                className="title"
              >
                2017-10-25
              </div>
              <View
                date={
                  Date {
                    "day": 25,
                    "month": 10,
                    "year": 2017,
                  }
                }
                prefs={
                  UserPreferences {
                    "language": Language {
                      "name": "English",
                      "sym": "en",
                    },
                    "timezone": IANAZone {
                      "valid": true,
                      "zoneName": "UTC",
                    },
                    "units": UnitSystem {
                      "length": "km",
                      "lengthRepr": Message {
                        "en": "kilometers",
                        "translations": Object {
                          "eo": "kilometroj",
                        },
                      },
                      "mass": "kg",
                      "massRepr": Message {
                        "en": "kilograms",
                        "translations": Object {
                          "eo": "kilogramoj",
                        },
                      },
                      "sym": "SI",
                    },
                    "withLanguage": [Function],
                    "withTimezone": [Function],
                    "withUnits": [Function],
                  }
                }
                records={Array []}
                saveRecords={[Function]}
                startEdit={[Function]}
              >
                <div
                  onClick={[Function]}
                />
              </View>
            </div>
          </Card>
        </DailyEntry>
        <DailyEntry
          date={
            Date {
              "day": 24,
              "month": 10,
              "year": 2017,
            }
          }
          key="2017-10-24"
          prefs={
            UserPreferences {
              "language": Language {
                "name": "English",
                "sym": "en",
              },
              "timezone": IANAZone {
                "valid": true,
                "zoneName": "UTC",
              },
              "units": UnitSystem {
                "length": "km",
                "lengthRepr": Message {
                  "en": "kilometers",
                  "translations": Object {
                    "eo": "kilometroj",
                  },
                },
                "mass": "kg",
                "massRepr": Message {
                  "en": "kilograms",
                  "translations": Object {
                    "eo": "kilogramoj",
                  },
                },
                "sym": "SI",
              },
              "withLanguage": [Function],
              "withTimezone": [Function],
              "withUnits": [Function],
            }
          }
          records={Array []}
          saveRecords={[Function]}
        >
          <Card
            title="2017-10-24"
          >
            <div
              className="card"
            >
              <div
                className="title"
              >
                2017-10-24
              </div>
              <View
                date={
                  Date {
                    "day": 24,
                    "month": 10,
                    "year": 2017,
                  }
                }
                prefs={
                  UserPreferences {
                    "language": Language {
                      "name": "English",
                      "sym": "en",
                    },
                    "timezone": IANAZone {
                      "valid": true,
                      "zoneName": "UTC",
                    },
                    "units": UnitSystem {
                      "length": "km",
                      "lengthRepr": Message {
                        "en": "kilometers",
                        "translations": Object {
                          "eo": "kilometroj",
                        },
                      },
                      "mass": "kg",
                      "massRepr": Message {
                        "en": "kilograms",
                        "translations": Object {
                          "eo": "kilogramoj",
                        },
                      },
                      "sym": "SI",
                    },
                    "withLanguage": [Function],
                    "withTimezone": [Function],
                    "withUnits": [Function],
                  }
                }
                records={Array []}
                saveRecords={[Function]}
                startEdit={[Function]}
              >
                <div
                  onClick={[Function]}
                />
              </View>
            </div>
          </Card>
        </DailyEntry>
        <DailyEntry
          date={
            Date {
              "day": 23,
              "month": 10,
              "year": 2017,
            }
          }
          key="2017-10-23"
          prefs={
            UserPreferences {
              "language": Language {
                "name": "English",
                "sym": "en",
              },
              "timezone": IANAZone {
                "valid": true,
                "zoneName": "UTC",
              },
              "units": UnitSystem {
                "length": "km",
                "lengthRepr": Message {
                  "en": "kilometers",
                  "translations": Object {
                    "eo": "kilometroj",
                  },
                },
                "mass": "kg",
                "massRepr": Message {
                  "en": "kilograms",
                  "translations": Object {
                    "eo": "kilogramoj",
                  },
                },
                "sym": "SI",
              },
              "withLanguage": [Function],
              "withTimezone": [Function],
              "withUnits": [Function],
            }
          }
          records={Array []}
          saveRecords={[Function]}
        >
          <Card
            title="2017-10-23"
          >
            <div
              className="card"
            >
              <div
                className="title"
              >
                2017-10-23
              </div>
              <View
                date={
                  Date {
                    "day": 23,
                    "month": 10,
                    "year": 2017,
                  }
                }
                prefs={
                  UserPreferences {
                    "language": Language {
                      "name": "English",
                      "sym": "en",
                    },
                    "timezone": IANAZone {
                      "valid": true,
                      "zoneName": "UTC",
                    },
                    "units": UnitSystem {
                      "length": "km",
                      "lengthRepr": Message {
                        "en": "kilometers",
                        "translations": Object {
                          "eo": "kilometroj",
                        },
                      },
                      "mass": "kg",
                      "massRepr": Message {
                        "en": "kilograms",
                        "translations": Object {
                          "eo": "kilogramoj",
                        },
                      },
                      "sym": "SI",
                    },
                    "withLanguage": [Function],
                    "withTimezone": [Function],
                    "withUnits": [Function],
                  }
                }
                records={Array []}
                saveRecords={[Function]}
                startEdit={[Function]}
              >
                <div
                  onClick={[Function]}
                />
              </View>
            </div>
          </Card>
        </DailyEntry>
      </div>
    </History>
  </Connect(History)>
</Provider>
`;
